---
source: vortex-btrblocks/tests/golden.rs
expression: rendered
---
input: list(i32), len=4066, nbytes=81804
root: vortex.list(list(i32), len=4066) nbytes=10304
  metadata: 
  elements: vortex.runend(i32, len=16384) nbytes=3968
    metadata: offset: 0
    ends: fastlanes.for(u16, len=1020) nbytes=1792
      metadata: reference: 13u16
      encoded: fastlanes.bitpacked(u16, len=1020) nbytes=1792
        metadata: bit_width: 14, offset: 0
    values: fastlanes.for(i32, len=1020) nbytes=2176
      metadata: reference: -49931i32
      encoded: fastlanes.bitpacked(i32, len=1020) nbytes=2176
        metadata: bit_width: 17, offset: 0
  offsets: vortex.block_residual(u16, len=4067) nbytes=6336
    metadata: blocks: 4, slice: 0..4067
